string
text to convert a few times

bytes
text to convert a few times